<?xml version="1.0"?>
<link_info>
   <banner>TI ARM Linker PC v16.9.0.LTS</banner>
   <copyright>Copyright (c) 1996-2015 Texas Instruments Incorporated</copyright>
   <link_time>0x5edc2c19</link_time>
   <link_errors>0x0</link_errors>
   <output_file>Tiva_C_Space_Invaders.out</output_file>
   <entry_point>
      <name>_c_int00</name>
      <address>0x30fd</address>
   </entry_point>
   <input_file_list>
      <input_file id="fl-2">
         <path>.\</path>
         <kind>object</kind>
         <file>ADC_VoltageIn.obj</file>
         <name>ADC_VoltageIn.obj</name>
      </input_file>
      <input_file id="fl-3">
         <path>.\</path>
         <kind>object</kind>
         <file>Button.obj</file>
         <name>Button.obj</name>
      </input_file>
      <input_file id="fl-4">
         <path>.\</path>
         <kind>object</kind>
         <file>Display_Engine.obj</file>
         <name>Display_Engine.obj</name>
      </input_file>
      <input_file id="fl-5">
         <path>.\</path>
         <kind>object</kind>
         <file>Nokia5110.obj</file>
         <name>Nokia5110.obj</name>
      </input_file>
      <input_file id="fl-6">
         <path>.\</path>
         <kind>object</kind>
         <file>PLL_Init.obj</file>
         <name>PLL_Init.obj</name>
      </input_file>
      <input_file id="fl-7">
         <path>.\</path>
         <kind>object</kind>
         <file>SPI_Driver.obj</file>
         <name>SPI_Driver.obj</name>
      </input_file>
      <input_file id="fl-8">
         <path>.\</path>
         <kind>object</kind>
         <file>UART_Driver.obj</file>
         <name>UART_Driver.obj</name>
      </input_file>
      <input_file id="fl-9">
         <path>.\</path>
         <kind>object</kind>
         <file>linked_lists.obj</file>
         <name>linked_lists.obj</name>
      </input_file>
      <input_file id="fl-a">
         <path>.\</path>
         <kind>object</kind>
         <file>tm4c123gh6pm_startup_ccs.obj</file>
         <name>tm4c123gh6pm_startup_ccs.obj</name>
      </input_file>
      <input_file id="fl-b">
         <path>.\driverlib\</path>
         <kind>object</kind>
         <file>adc.obj</file>
         <name>adc.obj</name>
      </input_file>
      <input_file id="fl-c">
         <path>.\driverlib\</path>
         <kind>object</kind>
         <file>aes.obj</file>
         <name>aes.obj</name>
      </input_file>
      <input_file id="fl-d">
         <path>.\driverlib\</path>
         <kind>object</kind>
         <file>can.obj</file>
         <name>can.obj</name>
      </input_file>
      <input_file id="fl-e">
         <path>.\driverlib\</path>
         <kind>object</kind>
         <file>comp.obj</file>
         <name>comp.obj</name>
      </input_file>
      <input_file id="fl-f">
         <path>.\driverlib\</path>
         <kind>object</kind>
         <file>cpu.obj</file>
         <name>cpu.obj</name>
      </input_file>
      <input_file id="fl-10">
         <path>.\driverlib\</path>
         <kind>object</kind>
         <file>crc.obj</file>
         <name>crc.obj</name>
      </input_file>
      <input_file id="fl-11">
         <path>.\driverlib\</path>
         <kind>object</kind>
         <file>des.obj</file>
         <name>des.obj</name>
      </input_file>
      <input_file id="fl-12">
         <path>.\driverlib\</path>
         <kind>object</kind>
         <file>eeprom.obj</file>
         <name>eeprom.obj</name>
      </input_file>
      <input_file id="fl-13">
         <path>.\driverlib\</path>
         <kind>object</kind>
         <file>emac.obj</file>
         <name>emac.obj</name>
      </input_file>
      <input_file id="fl-14">
         <path>.\driverlib\</path>
         <kind>object</kind>
         <file>epi.obj</file>
         <name>epi.obj</name>
      </input_file>
      <input_file id="fl-15">
         <path>.\driverlib\</path>
         <kind>object</kind>
         <file>epi_workaround_ccs.obj</file>
         <name>epi_workaround_ccs.obj</name>
      </input_file>
      <input_file id="fl-16">
         <path>.\driverlib\</path>
         <kind>object</kind>
         <file>flash.obj</file>
         <name>flash.obj</name>
      </input_file>
      <input_file id="fl-17">
         <path>.\driverlib\</path>
         <kind>object</kind>
         <file>fpu.obj</file>
         <name>fpu.obj</name>
      </input_file>
      <input_file id="fl-18">
         <path>.\driverlib\</path>
         <kind>object</kind>
         <file>gpio.obj</file>
         <name>gpio.obj</name>
      </input_file>
      <input_file id="fl-19">
         <path>.\driverlib\</path>
         <kind>object</kind>
         <file>hibernate.obj</file>
         <name>hibernate.obj</name>
      </input_file>
      <input_file id="fl-1a">
         <path>.\driverlib\</path>
         <kind>object</kind>
         <file>i2c.obj</file>
         <name>i2c.obj</name>
      </input_file>
      <input_file id="fl-1b">
         <path>.\driverlib\</path>
         <kind>object</kind>
         <file>interrupt.obj</file>
         <name>interrupt.obj</name>
      </input_file>
      <input_file id="fl-1c">
         <path>.\driverlib\</path>
         <kind>object</kind>
         <file>lcd.obj</file>
         <name>lcd.obj</name>
      </input_file>
      <input_file id="fl-1d">
         <path>.\driverlib\</path>
         <kind>object</kind>
         <file>mpu.obj</file>
         <name>mpu.obj</name>
      </input_file>
      <input_file id="fl-1e">
         <path>.\driverlib\</path>
         <kind>object</kind>
         <file>onewire.obj</file>
         <name>onewire.obj</name>
      </input_file>
      <input_file id="fl-1f">
         <path>.\driverlib\</path>
         <kind>object</kind>
         <file>pwm.obj</file>
         <name>pwm.obj</name>
      </input_file>
      <input_file id="fl-20">
         <path>.\driverlib\</path>
         <kind>object</kind>
         <file>qei.obj</file>
         <name>qei.obj</name>
      </input_file>
      <input_file id="fl-21">
         <path>.\driverlib\</path>
         <kind>object</kind>
         <file>shamd5.obj</file>
         <name>shamd5.obj</name>
      </input_file>
      <input_file id="fl-22">
         <path>.\driverlib\</path>
         <kind>object</kind>
         <file>ssi.obj</file>
         <name>ssi.obj</name>
      </input_file>
      <input_file id="fl-23">
         <path>.\driverlib\</path>
         <kind>object</kind>
         <file>sw_crc.obj</file>
         <name>sw_crc.obj</name>
      </input_file>
      <input_file id="fl-24">
         <path>.\driverlib\</path>
         <kind>object</kind>
         <file>sysctl.obj</file>
         <name>sysctl.obj</name>
      </input_file>
      <input_file id="fl-25">
         <path>.\driverlib\</path>
         <kind>object</kind>
         <file>sysexc.obj</file>
         <name>sysexc.obj</name>
      </input_file>
      <input_file id="fl-26">
         <path>.\driverlib\</path>
         <kind>object</kind>
         <file>systick.obj</file>
         <name>systick.obj</name>
      </input_file>
      <input_file id="fl-27">
         <path>.\driverlib\</path>
         <kind>object</kind>
         <file>timer.obj</file>
         <name>timer.obj</name>
      </input_file>
      <input_file id="fl-28">
         <path>.\driverlib\</path>
         <kind>object</kind>
         <file>uart.obj</file>
         <name>uart.obj</name>
      </input_file>
      <input_file id="fl-29">
         <path>.\driverlib\</path>
         <kind>object</kind>
         <file>udma.obj</file>
         <name>udma.obj</name>
      </input_file>
      <input_file id="fl-2a">
         <path>.\driverlib\</path>
         <kind>object</kind>
         <file>usb.obj</file>
         <name>usb.obj</name>
      </input_file>
      <input_file id="fl-2b">
         <path>.\driverlib\</path>
         <kind>object</kind>
         <file>watchdog.obj</file>
         <name>watchdog.obj</name>
      </input_file>
      <input_file id="fl-e9">
         <path>C:\ti\ccsv7\tools\compiler\ti-cgt-arm_16.9.0.LTS\lib\</path>
         <kind>archive</kind>
         <file>rtsv7M4_T_le_v4SPD16_eabi.lib</file>
         <name>boot.obj</name>
      </input_file>
      <input_file id="fl-ea">
         <path>C:\ti\ccsv7\tools\compiler\ti-cgt-arm_16.9.0.LTS\lib\</path>
         <kind>archive</kind>
         <file>rtsv7M4_T_le_v4SPD16_eabi.lib</file>
         <name>copy_decompress_lzss.obj</name>
      </input_file>
      <input_file id="fl-eb">
         <path>C:\ti\ccsv7\tools\compiler\ti-cgt-arm_16.9.0.LTS\lib\</path>
         <kind>archive</kind>
         <file>rtsv7M4_T_le_v4SPD16_eabi.lib</file>
         <name>copy_decompress_none.obj</name>
      </input_file>
      <input_file id="fl-ec">
         <path>C:\ti\ccsv7\tools\compiler\ti-cgt-arm_16.9.0.LTS\lib\</path>
         <kind>archive</kind>
         <file>rtsv7M4_T_le_v4SPD16_eabi.lib</file>
         <name>copy_zero_init.obj</name>
      </input_file>
      <input_file id="fl-ed">
         <path>C:\ti\ccsv7\tools\compiler\ti-cgt-arm_16.9.0.LTS\lib\</path>
         <kind>archive</kind>
         <file>rtsv7M4_T_le_v4SPD16_eabi.lib</file>
         <name>exit.obj</name>
      </input_file>
      <input_file id="fl-ee">
         <path>C:\ti\ccsv7\tools\compiler\ti-cgt-arm_16.9.0.LTS\lib\</path>
         <kind>archive</kind>
         <file>rtsv7M4_T_le_v4SPD16_eabi.lib</file>
         <name>fd_add_t2.obj</name>
      </input_file>
      <input_file id="fl-ef">
         <path>C:\ti\ccsv7\tools\compiler\ti-cgt-arm_16.9.0.LTS\lib\</path>
         <kind>archive</kind>
         <file>rtsv7M4_T_le_v4SPD16_eabi.lib</file>
         <name>fd_div_t2.obj</name>
      </input_file>
      <input_file id="fl-f0">
         <path>C:\ti\ccsv7\tools\compiler\ti-cgt-arm_16.9.0.LTS\lib\</path>
         <kind>archive</kind>
         <file>rtsv7M4_T_le_v4SPD16_eabi.lib</file>
         <name>fd_mul_t2.obj</name>
      </input_file>
      <input_file id="fl-f1">
         <path>C:\ti\ccsv7\tools\compiler\ti-cgt-arm_16.9.0.LTS\lib\</path>
         <kind>archive</kind>
         <file>rtsv7M4_T_le_v4SPD16_eabi.lib</file>
         <name>fd_toi_t2.obj</name>
      </input_file>
      <input_file id="fl-f2">
         <path>C:\ti\ccsv7\tools\compiler\ti-cgt-arm_16.9.0.LTS\lib\</path>
         <kind>archive</kind>
         <file>rtsv7M4_T_le_v4SPD16_eabi.lib</file>
         <name>fd_tos_t2.obj</name>
      </input_file>
      <input_file id="fl-f3">
         <path>C:\ti\ccsv7\tools\compiler\ti-cgt-arm_16.9.0.LTS\lib\</path>
         <kind>archive</kind>
         <file>rtsv7M4_T_le_v4SPD16_eabi.lib</file>
         <name>fd_tou_t2.obj</name>
      </input_file>
      <input_file id="fl-f4">
         <path>C:\ti\ccsv7\tools\compiler\ti-cgt-arm_16.9.0.LTS\lib\</path>
         <kind>archive</kind>
         <file>rtsv7M4_T_le_v4SPD16_eabi.lib</file>
         <name>fs_tod_t2.obj</name>
      </input_file>
      <input_file id="fl-f5">
         <path>C:\ti\ccsv7\tools\compiler\ti-cgt-arm_16.9.0.LTS\lib\</path>
         <kind>archive</kind>
         <file>rtsv7M4_T_le_v4SPD16_eabi.lib</file>
         <name>memcpy_t2.obj</name>
      </input_file>
      <input_file id="fl-f6">
         <path>C:\ti\ccsv7\tools\compiler\ti-cgt-arm_16.9.0.LTS\lib\</path>
         <kind>archive</kind>
         <file>rtsv7M4_T_le_v4SPD16_eabi.lib</file>
         <name>memory.obj</name>
      </input_file>
      <input_file id="fl-f7">
         <path>C:\ti\ccsv7\tools\compiler\ti-cgt-arm_16.9.0.LTS\lib\</path>
         <kind>archive</kind>
         <file>rtsv7M4_T_le_v4SPD16_eabi.lib</file>
         <name>memset_t2.obj</name>
      </input_file>
      <input_file id="fl-f8">
         <path>C:\ti\ccsv7\tools\compiler\ti-cgt-arm_16.9.0.LTS\lib\</path>
         <kind>archive</kind>
         <file>rtsv7M4_T_le_v4SPD16_eabi.lib</file>
         <name>mpu_init.obj</name>
      </input_file>
      <input_file id="fl-f9">
         <path>C:\ti\ccsv7\tools\compiler\ti-cgt-arm_16.9.0.LTS\lib\</path>
         <kind>archive</kind>
         <file>rtsv7M4_T_le_v4SPD16_eabi.lib</file>
         <name>pre_init.obj</name>
      </input_file>
      <input_file id="fl-fa">
         <path>C:\ti\ccsv7\tools\compiler\ti-cgt-arm_16.9.0.LTS\lib\</path>
         <kind>archive</kind>
         <file>rtsv7M4_T_le_v4SPD16_eabi.lib</file>
         <name>rand.obj</name>
      </input_file>
      <input_file id="fl-fb">
         <path>C:\ti\ccsv7\tools\compiler\ti-cgt-arm_16.9.0.LTS\lib\</path>
         <kind>archive</kind>
         <file>rtsv7M4_T_le_v4SPD16_eabi.lib</file>
         <name>stkdepth_vars.obj</name>
      </input_file>
      <input_file id="fl-fc">
         <path>C:\ti\ccsv7\tools\compiler\ti-cgt-arm_16.9.0.LTS\lib\</path>
         <kind>archive</kind>
         <file>rtsv7M4_T_le_v4SPD16_eabi.lib</file>
         <name>_lock.obj</name>
      </input_file>
      <input_file id="fl-fd">
         <path>C:\ti\ccsv7\tools\compiler\ti-cgt-arm_16.9.0.LTS\lib\</path>
         <kind>archive</kind>
         <file>rtsv7M4_T_le_v4SPD16_eabi.lib</file>
         <name>args_main.obj</name>
      </input_file>
      <input_file id="fl-fe">
         <path>C:\ti\ccsv7\tools\compiler\ti-cgt-arm_16.9.0.LTS\lib\</path>
         <kind>archive</kind>
         <file>rtsv7M4_T_le_v4SPD16_eabi.lib</file>
         <name>autoinit.obj</name>
      </input_file>
      <input_file id="fl-ff">
         <path>C:\ti\ccsv7\tools\compiler\ti-cgt-arm_16.9.0.LTS\lib\</path>
         <kind>archive</kind>
         <file>rtsv7M4_T_le_v4SPD16_eabi.lib</file>
         <name>cpy_tbl.obj</name>
      </input_file>
      <input_file id="fl-100">
         <path>C:\ti\ccsv7\tools\compiler\ti-cgt-arm_16.9.0.LTS\lib\</path>
         <kind>archive</kind>
         <file>rtsv7M4_T_le_v4SPD16_eabi.lib</file>
         <name>startup.obj</name>
      </input_file>
   </input_file_list>
   <object_component_list>
      <object_component id="oc-f">
         <name>.intvecs</name>
         <load_address>0x0</load_address>
         <run_address>0x0</run_address>
         <size>0x26c</size>
         <input_file_ref idref="fl-a"/>
      </object_component>
      <object_component id="oc-34">
         <name>.text</name>
         <load_address>0x26c</load_address>
         <run_address>0x26c</run_address>
         <size>0x127c</size>
         <input_file_ref idref="fl-4"/>
      </object_component>
      <object_component id="oc-93">
         <name>.text</name>
         <load_address>0x14e8</load_address>
         <run_address>0x14e8</run_address>
         <size>0x5bc</size>
         <input_file_ref idref="fl-5"/>
      </object_component>
      <object_component id="oc-14a">
         <name>.text</name>
         <load_address>0x1aa4</load_address>
         <run_address>0x1aa4</run_address>
         <size>0x3d0</size>
         <input_file_ref idref="fl-f6"/>
      </object_component>
      <object_component id="oc-102">
         <name>.text</name>
         <load_address>0x1e74</load_address>
         <run_address>0x1e74</run_address>
         <size>0x3c0</size>
         <input_file_ref idref="fl-1b"/>
      </object_component>
      <object_component id="oc-8d">
         <name>.text</name>
         <load_address>0x2234</load_address>
         <run_address>0x2234</run_address>
         <size>0x214</size>
         <input_file_ref idref="fl-9"/>
      </object_component>
      <object_component id="oc-e0">
         <name>.text</name>
         <load_address>0x2448</load_address>
         <run_address>0x2448</run_address>
         <size>0x1f8</size>
         <input_file_ref idref="fl-8"/>
      </object_component>
      <object_component id="oc-3a">
         <name>.text</name>
         <load_address>0x2640</load_address>
         <run_address>0x2640</run_address>
         <size>0x1cc</size>
         <input_file_ref idref="fl-2"/>
      </object_component>
      <object_component id="oc-9e">
         <name>.text</name>
         <load_address>0x280c</load_address>
         <run_address>0x280c</run_address>
         <size>0x1b6</size>
         <input_file_ref idref="fl-ee"/>
      </object_component>
      <object_component id="oc-c2">
         <name>.text</name>
         <load_address>0x29c2</load_address>
         <run_address>0x29c2</run_address>
         <size>0x136</size>
         <input_file_ref idref="fl-ef"/>
      </object_component>
      <object_component id="oc-e6">
         <name>.text</name>
         <load_address>0x2af8</load_address>
         <run_address>0x2af8</run_address>
         <size>0x134</size>
         <input_file_ref idref="fl-3"/>
      </object_component>
      <object_component id="oc-15f">
         <name>.text</name>
         <load_address>0x2c2c</load_address>
         <run_address>0x2c2c</run_address>
         <size>0x100</size>
         <input_file_ref idref="fl-7"/>
      </object_component>
      <object_component id="oc-c7">
         <name>.text</name>
         <load_address>0x2d2c</load_address>
         <run_address>0x2d2c</run_address>
         <size>0xfc</size>
         <input_file_ref idref="fl-f0"/>
      </object_component>
      <object_component id="oc-4e">
         <name>.text</name>
         <load_address>0x2e28</load_address>
         <run_address>0x2e28</run_address>
         <size>0x9c</size>
         <input_file_ref idref="fl-f5"/>
      </object_component>
      <object_component id="oc-5a">
         <name>.text</name>
         <load_address>0x2ec4</load_address>
         <run_address>0x2ec4</run_address>
         <size>0x7a</size>
         <input_file_ref idref="fl-f7"/>
      </object_component>
      <object_component id="oc-66">
         <name>.text</name>
         <load_address>0x2f3e</load_address>
         <run_address>0x2f3e</run_address>
         <size>0x2</size>
         <input_file_ref idref="fl-f8"/>
      </object_component>
      <object_component id="oc-da">
         <name>.text</name>
         <load_address>0x2f40</load_address>
         <run_address>0x2f40</run_address>
         <size>0x74</size>
         <input_file_ref idref="fl-6"/>
      </object_component>
      <object_component id="oc-72">
         <name>.text</name>
         <load_address>0x2fb4</load_address>
         <run_address>0x2fb4</run_address>
         <size>0x70</size>
         <input_file_ref idref="fl-fe"/>
      </object_component>
      <object_component id="oc-a3">
         <name>.text</name>
         <load_address>0x3024</load_address>
         <run_address>0x3024</run_address>
         <size>0x6e</size>
         <input_file_ref idref="fl-f2"/>
      </object_component>
      <object_component id="oc-12">
         <name>.text:decompress:lzss</name>
         <load_address>0x3092</load_address>
         <run_address>0x3092</run_address>
         <size>0x68</size>
         <input_file_ref idref="fl-ea"/>
      </object_component>
      <object_component id="oc-129">
         <name>.text</name>
         <load_address>0x30fa</load_address>
         <run_address>0x30fa</run_address>
         <size>0x2</size>
         <input_file_ref idref="fl-100"/>
      </object_component>
      <object_component id="oc-24">
         <name>.text</name>
         <load_address>0x30fc</load_address>
         <run_address>0x30fc</run_address>
         <size>0x54</size>
         <input_file_ref idref="fl-e9"/>
      </object_component>
      <object_component id="oc-7e">
         <name>.text</name>
         <load_address>0x3150</load_address>
         <run_address>0x3150</run_address>
         <size>0x54</size>
         <input_file_ref idref="fl-ed"/>
      </object_component>
      <object_component id="oc-123">
         <name>.text</name>
         <load_address>0x31a4</load_address>
         <run_address>0x31a4</run_address>
         <size>0x4c</size>
         <input_file_ref idref="fl-ff"/>
      </object_component>
      <object_component id="oc-bc">
         <name>.text</name>
         <load_address>0x31f0</load_address>
         <run_address>0x31f0</run_address>
         <size>0x4c</size>
         <input_file_ref idref="fl-fa"/>
      </object_component>
      <object_component id="oc-188">
         <name>.text</name>
         <load_address>0x323c</load_address>
         <run_address>0x323c</run_address>
         <size>0x48</size>
         <input_file_ref idref="fl-f1"/>
      </object_component>
      <object_component id="oc-cc">
         <name>.text</name>
         <load_address>0x3284</load_address>
         <run_address>0x3284</run_address>
         <size>0x44</size>
         <input_file_ref idref="fl-f3"/>
      </object_component>
      <object_component id="oc-195">
         <name>.text</name>
         <load_address>0x32c8</load_address>
         <run_address>0x32c8</run_address>
         <size>0x3e</size>
         <input_file_ref idref="fl-f"/>
      </object_component>
      <object_component id="oc-99">
         <name>.text</name>
         <load_address>0x3306</load_address>
         <run_address>0x3306</run_address>
         <size>0x38</size>
         <input_file_ref idref="fl-f4"/>
      </object_component>
      <object_component id="oc-78">
         <name>.text</name>
         <load_address>0x3340</load_address>
         <run_address>0x3340</run_address>
         <size>0x18</size>
         <input_file_ref idref="fl-fd"/>
      </object_component>
      <object_component id="oc-1d1">
         <name>.text</name>
         <load_address>0x3358</load_address>
         <run_address>0x3358</run_address>
         <size>0x14</size>
         <input_file_ref idref="fl-fc"/>
      </object_component>
      <object_component id="oc-18">
         <name>.text:decompress:none</name>
         <load_address>0x336c</load_address>
         <run_address>0x336c</run_address>
         <size>0xe</size>
         <input_file_ref idref="fl-eb"/>
      </object_component>
      <object_component id="oc-1e">
         <name>.text:decompress:ZI</name>
         <load_address>0x337a</load_address>
         <run_address>0x337a</run_address>
         <size>0xc</size>
         <input_file_ref idref="fl-ec"/>
      </object_component>
      <object_component id="oc-2e">
         <name>.text</name>
         <load_address>0x3386</load_address>
         <run_address>0x3386</run_address>
         <size>0xc</size>
         <input_file_ref idref="fl-a"/>
      </object_component>
      <object_component id="oc-6c">
         <name>.text</name>
         <load_address>0x3392</load_address>
         <run_address>0x3392</run_address>
         <size>0x4</size>
         <input_file_ref idref="fl-f9"/>
      </object_component>
      <object_component id="oc-15c">
         <name>.const:ASCII</name>
         <load_address>0x3398</load_address>
         <run_address>0x3398</run_address>
         <size>0x1e0</size>
         <input_file_ref idref="fl-5"/>
      </object_component>
      <object_component id="oc-f3">
         <name>.const:.string:PlayerShip0</name>
         <load_address>0x3578</load_address>
         <run_address>0x3578</run_address>
         <size>0xd7</size>
         <input_file_ref idref="fl-4"/>
      </object_component>
      <object_component id="oc-b9">
         <name>.const:.string:ClearEnemy</name>
         <load_address>0x364f</load_address>
         <run_address>0x364f</run_address>
         <size>0xc7</size>
         <input_file_ref idref="fl-4"/>
      </object_component>
      <object_component id="oc-ef">
         <name>.const:.string:Enemy10Point1</name>
         <load_address>0x3716</load_address>
         <run_address>0x3716</run_address>
         <size>0xc7</size>
         <input_file_ref idref="fl-4"/>
      </object_component>
      <object_component id="oc-ec">
         <name>.const:.string:SmallEnemy20PointB</name>
         <load_address>0x37dd</load_address>
         <run_address>0x37dd</run_address>
         <size>0xc7</size>
         <input_file_ref idref="fl-4"/>
      </object_component>
      <object_component id="oc-1a1">
         <name>.const:g_pui32Regs</name>
         <load_address>0x38a4</load_address>
         <run_address>0x38a4</run_address>
         <size>0x9c</size>
         <input_file_ref idref="fl-1b"/>
      </object_component>
      <object_component id="oc-19e">
         <name>.const:g_pui32Priority</name>
         <load_address>0x3940</load_address>
         <run_address>0x3940</run_address>
         <size>0x20</size>
         <input_file_ref idref="fl-1b"/>
      </object_component>
      <object_component id="oc-1a7">
         <name>.const:g_pui32Dii16Regs</name>
         <load_address>0x3960</load_address>
         <run_address>0x3960</run_address>
         <size>0x14</size>
         <input_file_ref idref="fl-1b"/>
      </object_component>
      <object_component id="oc-1a4">
         <name>.const:g_pui32EnRegs</name>
         <load_address>0x3974</load_address>
         <run_address>0x3974</run_address>
         <size>0x14</size>
         <input_file_ref idref="fl-1b"/>
      </object_component>
      <object_component id="oc-1aa">
         <name>.const:g_pui32PendRegs</name>
         <load_address>0x3988</load_address>
         <run_address>0x3988</run_address>
         <size>0x14</size>
         <input_file_ref idref="fl-1b"/>
      </object_component>
      <object_component id="oc-1ad">
         <name>.const:g_pui32UnpendRegs</name>
         <load_address>0x399c</load_address>
         <run_address>0x399c</run_address>
         <size>0x14</size>
         <input_file_ref idref="fl-1b"/>
      </object_component>
      <object_component id="oc-232">
         <name>.cinit..data.load</name>
         <load_address>0x39b0</load_address>
         <run_address>0x39b0</run_address>
         <size>0x29</size>
      </object_component>
      <object_component id="oc-22f">
         <name>__TI_handler_table</name>
         <load_address>0x39dc</load_address>
         <run_address>0x39dc</run_address>
         <size>0xc</size>
      </object_component>
      <object_component id="oc-233">
         <name>.cinit..bss.load</name>
         <load_address>0x39e8</load_address>
         <run_address>0x39e8</run_address>
         <size>0x8</size>
      </object_component>
      <object_component id="oc-231">
         <name>.cinit..vtable.load</name>
         <load_address>0x39f0</load_address>
         <run_address>0x39f0</run_address>
         <size>0x8</size>
      </object_component>
      <object_component id="oc-230">
         <name>__TI_cinit_table</name>
         <load_address>0x39f8</load_address>
         <run_address>0x39f8</run_address>
         <size>0x18</size>
      </object_component>
      <object_component id="oc-19b">
         <name>.vtable</name>
         <uninitialized>true</uninitialized>
         <run_address>0x20000000</run_address>
         <size>0x26c</size>
         <input_file_ref idref="fl-1b"/>
      </object_component>
      <object_component id="oc-a8">
         <name>.data</name>
         <load_address>0x20001a60</load_address>
         <run_address>0x20001a60</run_address>
         <size>0x1</size>
         <input_file_ref idref="fl-3"/>
      </object_component>
      <object_component id="oc-ab">
         <name>.data</name>
         <load_address>0x20001a28</load_address>
         <run_address>0x20001a28</run_address>
         <size>0x10</size>
         <input_file_ref idref="fl-4"/>
      </object_component>
      <object_component id="oc-133">
         <name>.data:$O1$$</name>
         <load_address>0x20001a38</load_address>
         <run_address>0x20001a38</run_address>
         <size>0xc</size>
         <input_file_ref idref="fl-ed"/>
      </object_component>
      <object_component id="oc-1dd">
         <name>.data:$O1$$</name>
         <load_address>0x20001a44</load_address>
         <run_address>0x20001a44</run_address>
         <size>0xc</size>
         <input_file_ref idref="fl-f6"/>
      </object_component>
      <object_component id="oc-17d">
         <name>.data</name>
         <load_address>0x20001a58</load_address>
         <run_address>0x20001a58</run_address>
         <size>0x4</size>
         <input_file_ref idref="fl-fa"/>
      </object_component>
      <object_component id="oc-84">
         <name>.data</name>
         <load_address>0x20001a5c</load_address>
         <run_address>0x20001a5c</run_address>
         <size>0x4</size>
         <input_file_ref idref="fl-fb"/>
      </object_component>
      <object_component id="oc-136">
         <name>.data:$O1$$</name>
         <load_address>0x20001a50</load_address>
         <run_address>0x20001a50</run_address>
         <size>0x8</size>
         <input_file_ref idref="fl-fc"/>
      </object_component>
      <object_component id="oc-d4">
         <name>.common:voltageIn</name>
         <uninitialized>true</uninitialized>
         <run_address>0x20001820</run_address>
         <size>0x4</size>
      </object_component>
      <object_component id="oc-b3">
         <name>.common:voltages</name>
         <uninitialized>true</uninitialized>
         <run_address>0x20001600</run_address>
         <size>0x150</size>
      </object_component>
      <object_component id="oc-d9">
         <name>.common:g_pixel_count</name>
         <uninitialized>true</uninitialized>
         <run_address>0x20001824</run_address>
         <size>0x1</size>
      </object_component>
      <object_component id="oc-f6">
         <name>.common:count</name>
         <uninitialized>true</uninitialized>
         <run_address>0x20001800</run_address>
         <size>0x4</size>
      </object_component>
      <object_component id="oc-b2">
         <name>.common:g_launched</name>
         <uninitialized>true</uninitialized>
         <run_address>0x20001814</run_address>
         <size>0x4</size>
      </object_component>
      <object_component id="oc-d2">
         <name>.common:g_has_launched</name>
         <uninitialized>true</uninitialized>
         <run_address>0x20001810</run_address>
         <size>0x4</size>
      </object_component>
      <object_component id="oc-d1">
         <name>.common:g_animate_counter</name>
         <uninitialized>true</uninitialized>
         <run_address>0x2000180c</run_address>
         <size>0x4</size>
      </object_component>
      <object_component id="oc-d7">
         <name>.common:g_propogate_counter</name>
         <uninitialized>true</uninitialized>
         <run_address>0x20001818</run_address>
         <size>0x4</size>
      </object_component>
      <object_component id="oc-d3">
         <name>.common:mapping</name>
         <uninitialized>true</uninitialized>
         <run_address>0x2000181c</run_address>
         <size>0x4</size>
      </object_component>
      <object_component id="oc-b1">
         <name>.common:bullet_list</name>
         <uninitialized>true</uninitialized>
         <run_address>0x200017fc</run_address>
         <size>0x4</size>
      </object_component>
      <object_component id="oc-b4">
         <name>.common:enemy_bullets</name>
         <uninitialized>true</uninitialized>
         <run_address>0x20001804</run_address>
         <size>0x4</size>
      </object_component>
      <object_component id="oc-b8">
         <name>.common:enemies</name>
         <uninitialized>true</uninitialized>
         <run_address>0x20001750</run_address>
         <size>0x90</size>
      </object_component>
      <object_component id="oc-f2">
         <name>.common:available_enemies</name>
         <uninitialized>true</uninitialized>
         <run_address>0x200017e0</run_address>
         <size>0x10</size>
      </object_component>
      <object_component id="oc-ae">
         <name>.common:player</name>
         <uninitialized>true</uninitialized>
         <run_address>0x200017f0</run_address>
         <size>0xc</size>
      </object_component>
      <object_component id="oc-d8">
         <name>.common:f</name>
         <uninitialized>true</uninitialized>
         <run_address>0x20001808</run_address>
         <size>0x4</size>
      </object_component>
      <object_component id="oc-b5">
         <name>.common:Screen</name>
         <uninitialized>true</uninitialized>
         <run_address>0x20001210</run_address>
         <size>0x3f0</size>
      </object_component>
      <object_component id="oc-2b">
         <name>.sysmem</name>
         <uninitialized>true</uninitialized>
         <run_address>0x20000270</run_address>
         <size>0x8</size>
         <input_file_ref idref="fl-f6"/>
      </object_component>
      <object_component id="oc-235">
         <name>.sysmem</name>
         <uninitialized>true</uninitialized>
         <run_address>0x20000270</run_address>
         <size>0x0</size>
      </object_component>
      <object_component id="oc-2a">
         <name>.stack</name>
         <uninitialized>true</uninitialized>
         <run_address>0x20001828</run_address>
         <size>0x0</size>
         <input_file_ref idref="fl-e9"/>
      </object_component>
      <object_component id="oc-234">
         <name>.stack</name>
         <uninitialized>true</uninitialized>
         <run_address>0x20001828</run_address>
         <size>0x0</size>
      </object_component>
      <object_component id="oc-d5">
         <name>.debug_info</name>
         <load_address>0x0</load_address>
         <run_address>0x0</run_address>
         <size>0x109</size>
         <input_file_ref idref="fl-2"/>
      </object_component>
      <object_component id="oc-3b">
         <name>.debug_info</name>
         <load_address>0x109</load_address>
         <run_address>0x109</run_address>
         <size>0x377</size>
         <input_file_ref idref="fl-2"/>
      </object_component>
      <object_component id="oc-49">
         <name>.debug_info</name>
         <load_address>0x480</load_address>
         <run_address>0x480</run_address>
         <size>0x84</size>
         <input_file_ref idref="fl-2"/>
      </object_component>
      <object_component id="oc-fd">
         <name>.debug_info</name>
         <load_address>0x504</load_address>
         <run_address>0x504</run_address>
         <size>0x18b</size>
         <input_file_ref idref="fl-2"/>
      </object_component>
      <object_component id="oc-a9">
         <name>.debug_info</name>
         <load_address>0x68f</load_address>
         <run_address>0x68f</run_address>
         <size>0xd6</size>
         <input_file_ref idref="fl-3"/>
      </object_component>
      <object_component id="oc-e9">
         <name>.debug_info</name>
         <load_address>0x765</load_address>
         <run_address>0x765</run_address>
         <size>0x18a</size>
         <input_file_ref idref="fl-3"/>
      </object_component>
      <object_component id="oc-af">
         <name>.debug_info</name>
         <load_address>0x8ef</load_address>
         <run_address>0x8ef</run_address>
         <size>0x804</size>
         <input_file_ref idref="fl-4"/>
      </object_component>
      <object_component id="oc-f0">
         <name>.debug_info</name>
         <load_address>0x10f3</load_address>
         <run_address>0x10f3</run_address>
         <size>0xe8</size>
         <input_file_ref idref="fl-4"/>
      </object_component>
      <object_component id="oc-ed">
         <name>.debug_info</name>
         <load_address>0x11db</load_address>
         <run_address>0x11db</run_address>
         <size>0xf2</size>
         <input_file_ref idref="fl-4"/>
      </object_component>
      <object_component id="oc-ba">
         <name>.debug_info</name>
         <load_address>0x12cd</load_address>
         <run_address>0x12cd</run_address>
         <size>0xe2</size>
         <input_file_ref idref="fl-4"/>
      </object_component>
      <object_component id="oc-f4">
         <name>.debug_info</name>
         <load_address>0x13af</load_address>
         <run_address>0x13af</run_address>
         <size>0xe4</size>
         <input_file_ref idref="fl-4"/>
      </object_component>
      <object_component id="oc-ac">
         <name>.debug_info</name>
         <load_address>0x1493</load_address>
         <run_address>0x1493</run_address>
         <size>0x16b</size>
         <input_file_ref idref="fl-4"/>
      </object_component>
      <object_component id="oc-35">
         <name>.debug_info</name>
         <load_address>0x15fe</load_address>
         <run_address>0x15fe</run_address>
         <size>0x201d</size>
         <input_file_ref idref="fl-4"/>
      </object_component>
      <object_component id="oc-166">
         <name>.debug_info</name>
         <load_address>0x361b</load_address>
         <run_address>0x361b</run_address>
         <size>0x8d</size>
         <input_file_ref idref="fl-4"/>
      </object_component>
      <object_component id="oc-157">
         <name>.debug_info</name>
         <load_address>0x36a8</load_address>
         <run_address>0x36a8</run_address>
         <size>0x11a</size>
         <input_file_ref idref="fl-4"/>
      </object_component>
      <object_component id="oc-172">
         <name>.debug_info</name>
         <load_address>0x37c2</load_address>
         <run_address>0x37c2</run_address>
         <size>0x1c7</size>
         <input_file_ref idref="fl-4"/>
      </object_component>
      <object_component id="oc-f8">
         <name>.debug_info</name>
         <load_address>0x3989</load_address>
         <run_address>0x3989</run_address>
         <size>0xc8</size>
         <input_file_ref idref="fl-4"/>
      </object_component>
      <object_component id="oc-b6">
         <name>.debug_info</name>
         <load_address>0x3a51</load_address>
         <run_address>0x3a51</run_address>
         <size>0x151</size>
         <input_file_ref idref="fl-5"/>
      </object_component>
      <object_component id="oc-15d">
         <name>.debug_info</name>
         <load_address>0x3ba2</load_address>
         <run_address>0x3ba2</run_address>
         <size>0xd2</size>
         <input_file_ref idref="fl-5"/>
      </object_component>
      <object_component id="oc-97">
         <name>.debug_info</name>
         <load_address>0x3c74</load_address>
         <run_address>0x3c74</run_address>
         <size>0xd1c</size>
         <input_file_ref idref="fl-5"/>
      </object_component>
      <object_component id="oc-dd">
         <name>.debug_info</name>
         <load_address>0x4990</load_address>
         <run_address>0x4990</run_address>
         <size>0x10a</size>
         <input_file_ref idref="fl-6"/>
      </object_component>
      <object_component id="oc-1e6">
         <name>.debug_info</name>
         <load_address>0x4a9a</load_address>
         <run_address>0x4a9a</run_address>
         <size>0xbe</size>
         <input_file_ref idref="fl-7"/>
      </object_component>
      <object_component id="oc-162">
         <name>.debug_info</name>
         <load_address>0x4b58</load_address>
         <run_address>0x4b58</run_address>
         <size>0x128</size>
         <input_file_ref idref="fl-7"/>
      </object_component>
      <object_component id="oc-e2">
         <name>.debug_info</name>
         <load_address>0x4c80</load_address>
         <run_address>0x4c80</run_address>
         <size>0x4d8</size>
         <input_file_ref idref="fl-8"/>
      </object_component>
      <object_component id="oc-151">
         <name>.debug_info</name>
         <load_address>0x5158</load_address>
         <run_address>0x5158</run_address>
         <size>0x14f</size>
         <input_file_ref idref="fl-9"/>
      </object_component>
      <object_component id="oc-8e">
         <name>.debug_info</name>
         <load_address>0x52a7</load_address>
         <run_address>0x52a7</run_address>
         <size>0x6f1</size>
         <input_file_ref idref="fl-9"/>
      </object_component>
      <object_component id="oc-152">
         <name>.debug_info</name>
         <load_address>0x5998</load_address>
         <run_address>0x5998</run_address>
         <size>0x110</size>
         <input_file_ref idref="fl-9"/>
      </object_component>
      <object_component id="oc-42">
         <name>.debug_info</name>
         <load_address>0x5aa8</load_address>
         <run_address>0x5aa8</run_address>
         <size>0x1a5</size>
         <input_file_ref idref="fl-a"/>
      </object_component>
      <object_component id="oc-10">
         <name>.debug_info</name>
         <load_address>0x5c4d</load_address>
         <run_address>0x5c4d</run_address>
         <size>0xf0</size>
         <input_file_ref idref="fl-a"/>
      </object_component>
      <object_component id="oc-31">
         <name>.debug_info</name>
         <load_address>0x5d3d</load_address>
         <run_address>0x5d3d</run_address>
         <size>0x26c</size>
         <input_file_ref idref="fl-a"/>
      </object_component>
      <object_component id="oc-1b1">
         <name>.debug_info</name>
         <load_address>0x5fa9</load_address>
         <run_address>0x5fa9</run_address>
         <size>0x8b</size>
         <input_file_ref idref="fl-b"/>
      </object_component>
      <object_component id="oc-196">
         <name>.debug_info</name>
         <load_address>0x6034</load_address>
         <run_address>0x6034</run_address>
         <size>0x4d0</size>
         <input_file_ref idref="fl-f"/>
      </object_component>
      <object_component id="oc-1b6">
         <name>.debug_info</name>
         <load_address>0x6504</load_address>
         <run_address>0x6504</run_address>
         <size>0x1b1</size>
         <input_file_ref idref="fl-1b"/>
      </object_component>
      <object_component id="oc-19f">
         <name>.debug_info</name>
         <load_address>0x66b5</load_address>
         <run_address>0x66b5</run_address>
         <size>0x10f</size>
         <input_file_ref idref="fl-1b"/>
      </object_component>
      <object_component id="oc-1a2">
         <name>.debug_info</name>
         <load_address>0x67c4</load_address>
         <run_address>0x67c4</run_address>
         <size>0x107</size>
         <input_file_ref idref="fl-1b"/>
      </object_component>
      <object_component id="oc-1a5">
         <name>.debug_info</name>
         <load_address>0x68cb</load_address>
         <run_address>0x68cb</run_address>
         <size>0x10b</size>
         <input_file_ref idref="fl-1b"/>
      </object_component>
      <object_component id="oc-1a8">
         <name>.debug_info</name>
         <load_address>0x69d6</load_address>
         <run_address>0x69d6</run_address>
         <size>0x111</size>
         <input_file_ref idref="fl-1b"/>
      </object_component>
      <object_component id="oc-1ab">
         <name>.debug_info</name>
         <load_address>0x6ae7</load_address>
         <run_address>0x6ae7</run_address>
         <size>0x10f</size>
         <input_file_ref idref="fl-1b"/>
      </object_component>
      <object_component id="oc-1ae">
         <name>.debug_info</name>
         <load_address>0x6bf6</load_address>
         <run_address>0x6bf6</run_address>
         <size>0x113</size>
         <input_file_ref idref="fl-1b"/>
      </object_component>
      <object_component id="oc-19c">
         <name>.debug_info</name>
         <load_address>0x6d09</load_address>
         <run_address>0x6d09</run_address>
         <size>0x110</size>
         <input_file_ref idref="fl-1b"/>
      </object_component>
      <object_component id="oc-103">
         <name>.debug_info</name>
         <load_address>0x6e19</load_address>
         <run_address>0x6e19</run_address>
         <size>0x112e</size>
         <input_file_ref idref="fl-1b"/>
      </object_component>
      <object_component id="oc-26">
         <name>.debug_info</name>
         <load_address>0x7f47</load_address>
         <run_address>0x7f47</run_address>
         <size>0x160</size>
         <input_file_ref idref="fl-e9"/>
      </object_component>
      <object_component id="oc-110">
         <name>.debug_info</name>
         <load_address>0x80a7</load_address>
         <run_address>0x80a7</run_address>
         <size>0xf9</size>
         <input_file_ref idref="fl-ea"/>
      </object_component>
      <object_component id="oc-13">
         <name>.debug_info</name>
         <load_address>0x81a0</load_address>
         <run_address>0x81a0</run_address>
         <size>0x245</size>
         <input_file_ref idref="fl-ea"/>
      </object_component>
      <object_component id="oc-44">
         <name>.debug_info</name>
         <load_address>0x83e5</load_address>
         <run_address>0x83e5</run_address>
         <size>0x60</size>
         <input_file_ref idref="fl-ea"/>
      </object_component>
      <object_component id="oc-10b">
         <name>.debug_info</name>
         <load_address>0x8445</load_address>
         <run_address>0x8445</run_address>
         <size>0x46</size>
         <input_file_ref idref="fl-ea"/>
      </object_component>
      <object_component id="oc-59">
         <name>.debug_info</name>
         <load_address>0x848b</load_address>
         <run_address>0x848b</run_address>
         <size>0x140</size>
         <input_file_ref idref="fl-eb"/>
      </object_component>
      <object_component id="oc-19">
         <name>.debug_info</name>
         <load_address>0x85cb</load_address>
         <run_address>0x85cb</run_address>
         <size>0x1df</size>
         <input_file_ref idref="fl-eb"/>
      </object_component>
      <object_component id="oc-54">
         <name>.debug_info</name>
         <load_address>0x87aa</load_address>
         <run_address>0x87aa</run_address>
         <size>0x46</size>
         <input_file_ref idref="fl-eb"/>
      </object_component>
      <object_component id="oc-112">
         <name>.debug_info</name>
         <load_address>0x87f0</load_address>
         <run_address>0x87f0</run_address>
         <size>0x2c</size>
         <input_file_ref idref="fl-eb"/>
      </object_component>
      <object_component id="oc-65">
         <name>.debug_info</name>
         <load_address>0x881c</load_address>
         <run_address>0x881c</run_address>
         <size>0x12f</size>
         <input_file_ref idref="fl-ec"/>
      </object_component>
      <object_component id="oc-1f">
         <name>.debug_info</name>
         <load_address>0x894b</load_address>
         <run_address>0x894b</run_address>
         <size>0x1aa</size>
         <input_file_ref idref="fl-ec"/>
      </object_component>
      <object_component id="oc-60">
         <name>.debug_info</name>
         <load_address>0x8af5</load_address>
         <run_address>0x8af5</run_address>
         <size>0x46</size>
         <input_file_ref idref="fl-ec"/>
      </object_component>
      <object_component id="oc-11a">
         <name>.debug_info</name>
         <load_address>0x8b3b</load_address>
         <run_address>0x8b3b</run_address>
         <size>0x2c</size>
         <input_file_ref idref="fl-ec"/>
      </object_component>
      <object_component id="oc-13a">
         <name>.debug_info</name>
         <load_address>0x8b67</load_address>
         <run_address>0x8b67</run_address>
         <size>0x234</size>
         <input_file_ref idref="fl-ed"/>
      </object_component>
      <object_component id="oc-134">
         <name>.debug_info</name>
         <load_address>0x8d9b</load_address>
         <run_address>0x8d9b</run_address>
         <size>0x185</size>
         <input_file_ref idref="fl-ed"/>
      </object_component>
      <object_component id="oc-82">
         <name>.debug_info</name>
         <load_address>0x8f20</load_address>
         <run_address>0x8f20</run_address>
         <size>0x214</size>
         <input_file_ref idref="fl-ed"/>
      </object_component>
      <object_component id="oc-a1">
         <name>.debug_info</name>
         <load_address>0x9134</load_address>
         <run_address>0x9134</run_address>
         <size>0x144</size>
         <input_file_ref idref="fl-ee"/>
      </object_component>
      <object_component id="oc-c3">
         <name>.debug_info</name>
         <load_address>0x9278</load_address>
         <run_address>0x9278</run_address>
         <size>0x132</size>
         <input_file_ref idref="fl-ef"/>
      </object_component>
      <object_component id="oc-ca">
         <name>.debug_info</name>
         <load_address>0x93aa</load_address>
         <run_address>0x93aa</run_address>
         <size>0x132</size>
         <input_file_ref idref="fl-f0"/>
      </object_component>
      <object_component id="oc-18a">
         <name>.debug_info</name>
         <load_address>0x94dc</load_address>
         <run_address>0x94dc</run_address>
         <size>0x126</size>
         <input_file_ref idref="fl-f1"/>
      </object_component>
      <object_component id="oc-a4">
         <name>.debug_info</name>
         <load_address>0x9602</load_address>
         <run_address>0x9602</run_address>
         <size>0x136</size>
         <input_file_ref idref="fl-f2"/>
      </object_component>
      <object_component id="oc-cf">
         <name>.debug_info</name>
         <load_address>0x9738</load_address>
         <run_address>0x9738</run_address>
         <size>0x131</size>
         <input_file_ref idref="fl-f3"/>
      </object_component>
      <object_component id="oc-9a">
         <name>.debug_info</name>
         <load_address>0x9869</load_address>
         <run_address>0x9869</run_address>
         <size>0x124</size>
         <input_file_ref idref="fl-f4"/>
      </object_component>
      <object_component id="oc-4f">
         <name>.debug_info</name>
         <load_address>0x998d</load_address>
         <run_address>0x998d</run_address>
         <size>0x111</size>
         <input_file_ref idref="fl-f5"/>
      </object_component>
      <object_component id="oc-8a">
         <name>.debug_info</name>
         <load_address>0x9a9e</load_address>
         <run_address>0x9a9e</run_address>
         <size>0x222</size>
         <input_file_ref idref="fl-f6"/>
      </object_component>
      <object_component id="oc-2c">
         <name>.debug_info</name>
         <load_address>0x9cc0</load_address>
         <run_address>0x9cc0</run_address>
         <size>0x101</size>
         <input_file_ref idref="fl-f6"/>
      </object_component>
      <object_component id="oc-1de">
         <name>.debug_info</name>
         <load_address>0x9dc1</load_address>
         <run_address>0x9dc1</run_address>
         <size>0x14c</size>
         <input_file_ref idref="fl-f6"/>
      </object_component>
      <object_component id="oc-14c">
         <name>.debug_info</name>
         <load_address>0x9f0d</load_address>
         <run_address>0x9f0d</run_address>
         <size>0x885</size>
         <input_file_ref idref="fl-f6"/>
      </object_component>
      <object_component id="oc-140">
         <name>.debug_info</name>
         <load_address>0xa792</load_address>
         <run_address>0xa792</run_address>
         <size>0x2c</size>
         <input_file_ref idref="fl-f6"/>
      </object_component>
      <object_component id="oc-145">
         <name>.debug_info</name>
         <load_address>0xa7be</load_address>
         <run_address>0xa7be</run_address>
         <size>0x62</size>
         <input_file_ref idref="fl-f6"/>
      </object_component>
      <object_component id="oc-5b">
         <name>.debug_info</name>
         <load_address>0xa820</load_address>
         <run_address>0xa820</run_address>
         <size>0x13f</size>
         <input_file_ref idref="fl-f7"/>
      </object_component>
      <object_component id="oc-6a">
         <name>.debug_info</name>
         <load_address>0xa95f</load_address>
         <run_address>0xa95f</run_address>
         <size>0x138</size>
         <input_file_ref idref="fl-f8"/>
      </object_component>
      <object_component id="oc-6d">
         <name>.debug_info</name>
         <load_address>0xaa97</load_address>
         <run_address>0xaa97</run_address>
         <size>0x148</size>
         <input_file_ref idref="fl-f9"/>
      </object_component>
      <object_component id="oc-181">
         <name>.debug_info</name>
         <load_address>0xabdf</load_address>
         <run_address>0xabdf</run_address>
         <size>0x115</size>
         <input_file_ref idref="fl-fa"/>
      </object_component>
      <object_component id="oc-17e">
         <name>.debug_info</name>
         <load_address>0xacf4</load_address>
         <run_address>0xacf4</run_address>
         <size>0xf0</size>
         <input_file_ref idref="fl-fa"/>
      </object_component>
      <object_component id="oc-bd">
         <name>.debug_info</name>
         <load_address>0xade4</load_address>
         <run_address>0xade4</run_address>
         <size>0x1a4</size>
         <input_file_ref idref="fl-fa"/>
      </object_component>
      <object_component id="oc-85">
         <name>.debug_info</name>
         <load_address>0xaf88</load_address>
         <run_address>0xaf88</run_address>
         <size>0x109</size>
         <input_file_ref idref="fl-fb"/>
      </object_component>
      <object_component id="oc-1d9">
         <name>.debug_info</name>
         <load_address>0xb091</load_address>
         <run_address>0xb091</run_address>
         <size>0x124</size>
         <input_file_ref idref="fl-fc"/>
      </object_component>
      <object_component id="oc-137">
         <name>.debug_info</name>
         <load_address>0xb1b5</load_address>
         <run_address>0xb1b5</run_address>
         <size>0x113</size>
         <input_file_ref idref="fl-fc"/>
      </object_component>
      <object_component id="oc-1d5">
         <name>.debug_info</name>
         <load_address>0xb2c8</load_address>
         <run_address>0xb2c8</run_address>
         <size>0x21f</size>
         <input_file_ref idref="fl-fc"/>
      </object_component>
      <object_component id="oc-132">
         <name>.debug_info</name>
         <load_address>0xb4e7</load_address>
         <run_address>0xb4e7</run_address>
         <size>0x166</size>
         <input_file_ref idref="fl-fd"/>
      </object_component>
      <object_component id="oc-79">
         <name>.debug_info</name>
         <load_address>0xb64d</load_address>
         <run_address>0xb64d</run_address>
         <size>0x167</size>
         <input_file_ref idref="fl-fd"/>
      </object_component>
      <object_component id="oc-1ca">
         <name>.debug_info</name>
         <load_address>0xb7b4</load_address>
         <run_address>0xb7b4</run_address>
         <size>0x5e</size>
         <input_file_ref idref="fl-fd"/>
      </object_component>
      <object_component id="oc-130">
         <name>.debug_info</name>
         <load_address>0xb812</load_address>
         <run_address>0xb812</run_address>
         <size>0x2e9</size>
         <input_file_ref idref="fl-fe"/>
      </object_component>
      <object_component id="oc-73">
         <name>.debug_info</name>
         <load_address>0xbafb</load_address>
         <run_address>0xbafb</run_address>
         <size>0x190</size>
         <input_file_ref idref="fl-fe"/>
      </object_component>
      <object_component id="oc-1be">
         <name>.debug_info</name>
         <load_address>0xbc8b</load_address>
         <run_address>0xbc8b</run_address>
         <size>0x39</size>
         <input_file_ref idref="fl-fe"/>
      </object_component>
      <object_component id="oc-204">
         <name>.debug_info</name>
         <load_address>0xbcc4</load_address>
         <run_address>0xbcc4</run_address>
         <size>0x39</size>
         <input_file_ref idref="fl-fe"/>
      </object_component>
      <object_component id="oc-1c3">
         <name>.debug_info</name>
         <load_address>0xbcfd</load_address>
         <run_address>0xbcfd</run_address>
         <size>0xcd</size>
         <input_file_ref idref="fl-fe"/>
      </object_component>
      <object_component id="oc-1ba">
         <name>.debug_info</name>
         <load_address>0xbdca</load_address>
         <run_address>0xbdca</run_address>
         <size>0x1e0</size>
         <input_file_ref idref="fl-ff"/>
      </object_component>
      <object_component id="oc-125">
         <name>.debug_info</name>
         <load_address>0xbfaa</load_address>
         <run_address>0xbfaa</run_address>
         <size>0x183</size>
         <input_file_ref idref="fl-ff"/>
      </object_component>
      <object_component id="oc-1ff">
         <name>.debug_info</name>
         <load_address>0xc12d</load_address>
         <run_address>0xc12d</run_address>
         <size>0x2c</size>
         <input_file_ref idref="fl-ff"/>
      </object_component>
      <object_component id="oc-12a">
         <name>.debug_info</name>
         <load_address>0xc159</load_address>
         <run_address>0xc159</run_address>
         <size>0x145</size>
         <input_file_ref idref="fl-100"/>
      </object_component>
      <object_component id="oc-236">
         <name>.debug_info</name>
         <load_address>0xc29e</load_address>
         <run_address>0xc29e</run_address>
         <size>0xa6</size>
      </object_component>
      <object_component id="oc-186">
         <name>.debug_line</name>
         <load_address>0x0</load_address>
         <run_address>0x0</run_address>
         <size>0x36</size>
         <input_file_ref idref="fl-2"/>
      </object_component>
      <object_component id="oc-3e">
         <name>.debug_line</name>
         <load_address>0x36</load_address>
         <run_address>0x36</run_address>
         <size>0xd0</size>
         <input_file_ref idref="fl-2"/>
      </object_component>
      <object_component id="oc-4c">
         <name>.debug_line</name>
         <load_address>0x106</load_address>
         <run_address>0x106</run_address>
         <size>0x20</size>
         <input_file_ref idref="fl-2"/>
      </object_component>
      <object_component id="oc-100">
         <name>.debug_line</name>
         <load_address>0x126</load_address>
         <run_address>0x126</run_address>
         <size>0x65</size>
         <input_file_ref idref="fl-2"/>
      </object_component>
      <object_component id="oc-16f">
         <name>.debug_line</name>
         <load_address>0x18b</load_address>
         <run_address>0x18b</run_address>
         <size>0x2f</size>
         <input_file_ref idref="fl-3"/>
      </object_component>
      <object_component id="oc-eb">
         <name>.debug_line</name>
         <load_address>0x1ba</load_address>
         <run_address>0x1ba</run_address>
         <size>0x72</size>
         <input_file_ref idref="fl-3"/>
      </object_component>
      <object_component id="oc-178">
         <name>.debug_line</name>
         <load_address>0x22c</load_address>
         <run_address>0x22c</run_address>
         <size>0xed</size>
         <input_file_ref idref="fl-4"/>
      </object_component>
      <object_component id="oc-192">
         <name>.debug_line</name>
         <load_address>0x319</load_address>
         <run_address>0x319</run_address>
         <size>0x37</size>
         <input_file_ref idref="fl-4"/>
      </object_component>
      <object_component id="oc-190">
         <name>.debug_line</name>
         <load_address>0x350</load_address>
         <run_address>0x350</run_address>
         <size>0x37</size>
         <input_file_ref idref="fl-4"/>
      </object_component>
      <object_component id="oc-17c">
         <name>.debug_line</name>
         <load_address>0x387</load_address>
         <run_address>0x387</run_address>
         <size>0x37</size>
         <input_file_ref idref="fl-4"/>
      </object_component>
      <object_component id="oc-194">
         <name>.debug_line</name>
         <load_address>0x3be</load_address>
         <run_address>0x3be</run_address>
         <size>0x37</size>
         <input_file_ref idref="fl-4"/>
      </object_component>
      <object_component id="oc-171">
         <name>.debug_line</name>
         <load_address>0x3f5</load_address>
         <run_address>0x3f5</run_address>
         <size>0x37</size>
         <input_file_ref idref="fl-4"/>
      </object_component>
      <object_component id="oc-38">
         <name>.debug_line</name>
         <load_address>0x42c</load_address>
         <run_address>0x42c</run_address>
         <size>0x749</size>
         <input_file_ref idref="fl-4"/>
      </object_component>
      <object_component id="oc-169">
         <name>.debug_line</name>
         <load_address>0xb75</load_address>
         <run_address>0xb75</run_address>
         <size>0x32</size>
         <input_file_ref idref="fl-4"/>
      </object_component>
      <object_component id="oc-15a">
         <name>.debug_line</name>
         <load_address>0xba7</load_address>
         <run_address>0xba7</run_address>
         <size>0x35</size>
         <input_file_ref idref="fl-4"/>
      </object_component>
      <object_component id="oc-175">
         <name>.debug_line</name>
         <load_address>0xbdc</load_address>
         <run_address>0xbdc</run_address>
         <size>0x37</size>
         <input_file_ref idref="fl-4"/>
      </object_component>
      <object_component id="oc-fb">
         <name>.debug_line</name>
         <load_address>0xc13</load_address>
         <run_address>0xc13</run_address>
         <size>0x64</size>
         <input_file_ref idref="fl-4"/>
      </object_component>
      <object_component id="oc-17a">
         <name>.debug_line</name>
         <load_address>0xc77</load_address>
         <run_address>0xc77</run_address>
         <size>0x45</size>
         <input_file_ref idref="fl-5"/>
      </object_component>
      <object_component id="oc-1e4">
         <name>.debug_line</name>
         <load_address>0xcbc</load_address>
         <run_address>0xcbc</run_address>
         <size>0x32</size>
         <input_file_ref idref="fl-5"/>
      </object_component>
      <object_component id="oc-94">
         <name>.debug_line</name>
         <load_address>0xcee</load_address>
         <run_address>0xcee</run_address>
         <size>0x33f</size>
         <input_file_ref idref="fl-5"/>
      </object_component>
      <object_component id="oc-df">
         <name>.debug_line</name>
         <load_address>0x102d</load_address>
         <run_address>0x102d</run_address>
         <size>0x53</size>
         <input_file_ref idref="fl-6"/>
      </object_component>
      <object_component id="oc-20f">
         <name>.debug_line</name>
         <load_address>0x1080</load_address>
         <run_address>0x1080</run_address>
         <size>0x20</size>
         <input_file_ref idref="fl-7"/>
      </object_component>
      <object_component id="oc-160">
         <name>.debug_line</name>
         <load_address>0x10a0</load_address>
         <run_address>0x10a0</run_address>
         <size>0x59</size>
         <input_file_ref idref="fl-7"/>
      </object_component>
      <object_component id="oc-e5">
         <name>.debug_line</name>
         <load_address>0x10f9</load_address>
         <run_address>0x10f9</run_address>
         <size>0x11f</size>
         <input_file_ref idref="fl-8"/>
      </object_component>
      <object_component id="oc-1e2">
         <name>.debug_line</name>
         <load_address>0x1218</load_address>
         <run_address>0x1218</run_address>
         <size>0x65</size>
         <input_file_ref idref="fl-9"/>
      </object_component>
      <object_component id="oc-91">
         <name>.debug_line</name>
         <load_address>0x127d</load_address>
         <run_address>0x127d</run_address>
         <size>0x179</size>
         <input_file_ref idref="fl-9"/>
      </object_component>
      <object_component id="oc-155">
         <name>.debug_line</name>
         <load_address>0x13f6</load_address>
         <run_address>0x13f6</run_address>
         <size>0x65</size>
         <input_file_ref idref="fl-9"/>
      </object_component>
      <object_component id="oc-10a">
         <name>.debug_line</name>
         <load_address>0x145b</load_address>
         <run_address>0x145b</run_address>
         <size>0x41</size>
         <input_file_ref idref="fl-a"/>
      </object_component>
      <object_component id="oc-41">
         <name>.debug_line</name>
         <load_address>0x149c</load_address>
         <run_address>0x149c</run_address>
         <size>0x41</size>
         <input_file_ref idref="fl-a"/>
      </object_component>
      <object_component id="oc-30">
         <name>.debug_line</name>
         <load_address>0x14dd</load_address>
         <run_address>0x14dd</run_address>
         <size>0xa1</size>
         <input_file_ref idref="fl-a"/>
      </object_component>
      <object_component id="oc-1b4">
         <name>.debug_line</name>
         <load_address>0x157e</load_address>
         <run_address>0x157e</run_address>
         <size>0x20</size>
         <input_file_ref idref="fl-b"/>
      </object_component>
      <object_component id="oc-199">
         <name>.debug_line</name>
         <load_address>0x159e</load_address>
         <run_address>0x159e</run_address>
         <size>0xf8</size>
         <input_file_ref idref="fl-f"/>
      </object_component>
      <object_component id="oc-1fc">
         <name>.debug_line</name>
         <load_address>0x1696</load_address>
         <run_address>0x1696</run_address>
         <size>0x55</size>
         <input_file_ref idref="fl-1b"/>
      </object_component>
      <object_component id="oc-1f0">
         <name>.debug_line</name>
         <load_address>0x16eb</load_address>
         <run_address>0x16eb</run_address>
         <size>0x5b</size>
         <input_file_ref idref="fl-1b"/>
      </object_component>
      <object_component id="oc-1f2">
         <name>.debug_line</name>
         <load_address>0x1746</load_address>
         <run_address>0x1746</run_address>
         <size>0x5b</size>
         <input_file_ref idref="fl-1b"/>
      </object_component>
      <object_component id="oc-1f4">
         <name>.debug_line</name>
         <load_address>0x17a1</load_address>
         <run_address>0x17a1</run_address>
         <size>0x5b</size>
         <input_file_ref idref="fl-1b"/>
      </object_component>
      <object_component id="oc-1f6">
         <name>.debug_line</name>
         <load_address>0x17fc</load_address>
         <run_address>0x17fc</run_address>
         <size>0x5b</size>
         <input_file_ref idref="fl-1b"/>
      </object_component>
      <object_component id="oc-1f8">
         <name>.debug_line</name>
         <load_address>0x1857</load_address>
         <run_address>0x1857</run_address>
         <size>0x5b</size>
         <input_file_ref idref="fl-1b"/>
      </object_component>
      <object_component id="oc-1fa">
         <name>.debug_line</name>
         <load_address>0x18b2</load_address>
         <run_address>0x18b2</run_address>
         <size>0x5b</size>
         <input_file_ref idref="fl-1b"/>
      </object_component>
      <object_component id="oc-1ee">
         <name>.debug_line</name>
         <load_address>0x190d</load_address>
         <run_address>0x190d</run_address>
         <size>0x5b</size>
         <input_file_ref idref="fl-1b"/>
      </object_component>
      <object_component id="oc-106">
         <name>.debug_line</name>
         <load_address>0x1968</load_address>
         <run_address>0x1968</run_address>
         <size>0x30c</size>
         <input_file_ref idref="fl-1b"/>
      </object_component>
      <object_component id="oc-28">
         <name>.debug_line</name>
         <load_address>0x1c74</load_address>
         <run_address>0x1c74</run_address>
         <size>0x53</size>
         <input_file_ref idref="fl-e9"/>
      </object_component>
      <object_component id="oc-1b8">
         <name>.debug_line</name>
         <load_address>0x1cc7</load_address>
         <run_address>0x1cc7</run_address>
         <size>0x20</size>
         <input_file_ref idref="fl-ea"/>
      </object_component>
      <object_component id="oc-16">
         <name>.debug_line</name>
         <load_address>0x1ce7</load_address>
         <run_address>0x1ce7</run_address>
         <size>0xa9</size>
         <input_file_ref idref="fl-ea"/>
      </object_component>
      <object_component id="oc-47">
         <name>.debug_line</name>
         <load_address>0x1d90</load_address>
         <run_address>0x1d90</run_address>
         <size>0x3a</size>
         <input_file_ref idref="fl-ea"/>
      </object_component>
      <object_component id="oc-10e">
         <name>.debug_line</name>
         <load_address>0x1dca</load_address>
         <run_address>0x1dca</run_address>
         <size>0x8a</size>
         <input_file_ref idref="fl-ea"/>
      </object_component>
      <object_component id="oc-118">
         <name>.debug_line</name>
         <load_address>0x1e54</load_address>
         <run_address>0x1e54</run_address>
         <size>0x8a</size>
         <input_file_ref idref="fl-eb"/>
      </object_component>
      <object_component id="oc-1c">
         <name>.debug_line</name>
         <load_address>0x1ede</load_address>
         <run_address>0x1ede</run_address>
         <size>0x55</size>
         <input_file_ref idref="fl-eb"/>
      </object_component>
      <object_component id="oc-57">
         <name>.debug_line</name>
         <load_address>0x1f33</load_address>
         <run_address>0x1f33</run_address>
         <size>0x3a</size>
         <input_file_ref idref="fl-eb"/>
      </object_component>
      <object_component id="oc-115">
         <name>.debug_line</name>
         <load_address>0x1f6d</load_address>
         <run_address>0x1f6d</run_address>
         <size>0x8a</size>
         <input_file_ref idref="fl-eb"/>
      </object_component>
      <object_component id="oc-120">
         <name>.debug_line</name>
         <load_address>0x1ff7</load_address>
         <run_address>0x1ff7</run_address>
         <size>0x8a</size>
         <input_file_ref idref="fl-ec"/>
      </object_component>
      <object_component id="oc-22">
         <name>.debug_line</name>
         <load_address>0x2081</load_address>
         <run_address>0x2081</run_address>
         <size>0x4f</size>
         <input_file_ref idref="fl-ec"/>
      </object_component>
      <object_component id="oc-63">
         <name>.debug_line</name>
         <load_address>0x20d0</load_address>
         <run_address>0x20d0</run_address>
         <size>0x34</size>
         <input_file_ref idref="fl-ec"/>
      </object_component>
      <object_component id="oc-11d">
         <name>.debug_line</name>
         <load_address>0x2104</load_address>
         <run_address>0x2104</run_address>
         <size>0x8a</size>
         <input_file_ref idref="fl-ec"/>
      </object_component>
      <object_component id="oc-1dc">
         <name>.debug_line</name>
         <load_address>0x218e</load_address>
         <run_address>0x218e</run_address>
         <size>0xf2</size>
         <input_file_ref idref="fl-ed"/>
      </object_component>
      <object_component id="oc-1d0">
         <name>.debug_line</name>
         <load_address>0x2280</load_address>
         <run_address>0x2280</run_address>
         <size>0x2a</size>
         <input_file_ref idref="fl-ed"/>
      </object_component>
      <object_component id="oc-80">
         <name>.debug_line</name>
         <load_address>0x22aa</load_address>
         <run_address>0x22aa</run_address>
         <size>0x86</size>
         <input_file_ref idref="fl-ed"/>
      </object_component>
      <object_component id="oc-9f">
         <name>.debug_line</name>
         <load_address>0x2330</load_address>
         <run_address>0x2330</run_address>
         <size>0xd2</size>
         <input_file_ref idref="fl-ee"/>
      </object_component>
      <object_component id="oc-c6">
         <name>.debug_line</name>
         <load_address>0x2402</load_address>
         <run_address>0x2402</run_address>
         <size>0xa8</size>
         <input_file_ref idref="fl-ef"/>
      </object_component>
      <object_component id="oc-c8">
         <name>.debug_line</name>
         <load_address>0x24aa</load_address>
         <run_address>0x24aa</run_address>
         <size>0x8e</size>
         <input_file_ref idref="fl-f0"/>
      </object_component>
      <object_component id="oc-189">
         <name>.debug_line</name>
         <load_address>0x2538</load_address>
         <run_address>0x2538</run_address>
         <size>0x5a</size>
         <input_file_ref idref="fl-f1"/>
      </object_component>
      <object_component id="oc-a7">
         <name>.debug_line</name>
         <load_address>0x2592</load_address>
         <run_address>0x2592</run_address>
         <size>0x67</size>
         <input_file_ref idref="fl-f2"/>
      </object_component>
      <object_component id="oc-ce">
         <name>.debug_line</name>
         <load_address>0x25f9</load_address>
         <run_address>0x25f9</run_address>
         <size>0x59</size>
         <input_file_ref idref="fl-f3"/>
      </object_component>
      <object_component id="oc-9d">
         <name>.debug_line</name>
         <load_address>0x2652</load_address>
         <run_address>0x2652</run_address>
         <size>0x57</size>
         <input_file_ref idref="fl-f4"/>
      </object_component>
      <object_component id="oc-52">
         <name>.debug_line</name>
         <load_address>0x26a9</load_address>
         <run_address>0x26a9</run_address>
         <size>0x88</size>
         <input_file_ref idref="fl-f5"/>
      </object_component>
      <object_component id="oc-13f">
         <name>.debug_line</name>
         <load_address>0x2731</load_address>
         <run_address>0x2731</run_address>
         <size>0xff</size>
         <input_file_ref idref="fl-f6"/>
      </object_component>
      <object_component id="oc-89">
         <name>.debug_line</name>
         <load_address>0x2830</load_address>
         <run_address>0x2830</run_address>
         <size>0x2c</size>
         <input_file_ref idref="fl-f6"/>
      </object_component>
      <object_component id="oc-20d">
         <name>.debug_line</name>
         <load_address>0x285c</load_address>
         <run_address>0x285c</run_address>
         <size>0x2c</size>
         <input_file_ref idref="fl-f6"/>
      </object_component>
      <object_component id="oc-14f">
         <name>.debug_line</name>
         <load_address>0x2888</load_address>
         <run_address>0x2888</run_address>
         <size>0x2fc</size>
         <input_file_ref idref="fl-f6"/>
      </object_component>
      <object_component id="oc-143">
         <name>.debug_line</name>
         <load_address>0x2b84</load_address>
         <run_address>0x2b84</run_address>
         <size>0x8a</size>
         <input_file_ref idref="fl-f6"/>
      </object_component>
      <object_component id="oc-148">
         <name>.debug_line</name>
         <load_address>0x2c0e</load_address>
         <run_address>0x2c0e</run_address>
         <size>0x2c</size>
         <input_file_ref idref="fl-f6"/>
      </object_component>
      <object_component id="oc-5e">
         <name>.debug_line</name>
         <load_address>0x2c3a</load_address>
         <run_address>0x2c3a</run_address>
         <size>0x79</size>
         <input_file_ref idref="fl-f7"/>
      </object_component>
      <object_component id="oc-67">
         <name>.debug_line</name>
         <load_address>0x2cb3</load_address>
         <run_address>0x2cb3</run_address>
         <size>0x3d</size>
         <input_file_ref idref="fl-f8"/>
      </object_component>
      <object_component id="oc-70">
         <name>.debug_line</name>
         <load_address>0x2cf0</load_address>
         <run_address>0x2cf0</run_address>
         <size>0x40</size>
         <input_file_ref idref="fl-f9"/>
      </object_component>
      <object_component id="oc-1ea">
         <name>.debug_line</name>
         <load_address>0x2d30</load_address>
         <run_address>0x2d30</run_address>
         <size>0x89</size>
         <input_file_ref idref="fl-fa"/>
      </object_component>
      <object_component id="oc-1e8">
         <name>.debug_line</name>
         <load_address>0x2db9</load_address>
         <run_address>0x2db9</run_address>
         <size>0x2a</size>
         <input_file_ref idref="fl-fa"/>
      </object_component>
      <object_component id="oc-c1">
         <name>.debug_line</name>
         <load_address>0x2de3</load_address>
         <run_address>0x2de3</run_address>
         <size>0x62</size>
         <input_file_ref idref="fl-fa"/>
      </object_component>
      <object_component id="oc-13d">
         <name>.debug_line</name>
         <load_address>0x2e45</load_address>
         <run_address>0x2e45</run_address>
         <size>0x33</size>
         <input_file_ref idref="fl-fb"/>
      </object_component>
      <object_component id="oc-20b">
         <name>.debug_line</name>
         <load_address>0x2e78</load_address>
         <run_address>0x2e78</run_address>
         <size>0x20</size>
         <input_file_ref idref="fl-fc"/>
      </object_component>
      <object_component id="oc-1d8">
         <name>.debug_line</name>
         <load_address>0x2e98</load_address>
         <run_address>0x2e98</run_address>
         <size>0x2b</size>
         <input_file_ref idref="fl-fc"/>
      </object_component>
      <object_component id="oc-1d2">
         <name>.debug_line</name>
         <load_address>0x2ec3</load_address>
         <run_address>0x2ec3</run_address>
         <size>0x68</size>
         <input_file_ref idref="fl-fc"/>
      </object_component>
      <object_component id="oc-1c9">
         <name>.debug_line</name>
         <load_address>0x2f2b</load_address>
         <run_address>0x2f2b</run_address>
         <size>0x2b</size>
         <input_file_ref idref="fl-fd"/>
      </object_component>
      <object_component id="oc-7d">
         <name>.debug_line</name>
         <load_address>0x2f56</load_address>
         <run_address>0x2f56</run_address>
         <size>0x4a</size>
         <input_file_ref idref="fl-fd"/>
      </object_component>
      <object_component id="oc-1cd">
         <name>.debug_line</name>
         <load_address>0x2fa0</load_address>
         <run_address>0x2fa0</run_address>
         <size>0x2b</size>
         <input_file_ref idref="fl-fd"/>
      </object_component>
      <object_component id="oc-1bd">
         <name>.debug_line</name>
         <load_address>0x2fcb</load_address>
         <run_address>0x2fcb</run_address>
         <size>0xa9</size>
         <input_file_ref idref="fl-fe"/>
      </object_component>
      <object_component id="oc-76">
         <name>.debug_line</name>
         <load_address>0x3074</load_address>
         <run_address>0x3074</run_address>
         <size>0x8b</size>
         <input_file_ref idref="fl-fe"/>
      </object_component>
      <object_component id="oc-1c1">
         <name>.debug_line</name>
         <load_address>0x30ff</load_address>
         <run_address>0x30ff</run_address>
         <size>0x2e</size>
         <input_file_ref idref="fl-fe"/>
      </object_component>
      <object_component id="oc-207">
         <name>.debug_line</name>
         <load_address>0x312d</load_address>
         <run_address>0x312d</run_address>
         <size>0x8a</size>
         <input_file_ref idref="fl-fe"/>
      </object_component>
      <object_component id="oc-1c6">
         <name>.debug_line</name>
         <load_address>0x31b7</load_address>
         <run_address>0x31b7</run_address>
         <size>0x8b</size>
         <input_file_ref idref="fl-fe"/>
      </object_component>
      <object_component id="oc-1fe">
         <name>.debug_line</name>
         <load_address>0x3242</load_address>
         <run_address>0x3242</run_address>
         <size>0x98</size>
         <input_file_ref idref="fl-ff"/>
      </object_component>
      <object_component id="oc-124">
         <name>.debug_line</name>
         <load_address>0x32da</load_address>
         <run_address>0x32da</run_address>
         <size>0x68</size>
         <input_file_ref idref="fl-ff"/>
      </object_component>
      <object_component id="oc-202">
         <name>.debug_line</name>
         <load_address>0x3342</load_address>
         <run_address>0x3342</run_address>
         <size>0x2e</size>
         <input_file_ref idref="fl-ff"/>
      </object_component>
      <object_component id="oc-12d">
         <name>.debug_line</name>
         <load_address>0x3370</load_address>
[...]
         <value>0xc39</value>
         <object_component_ref idref="oc-34"/>
      </symbol>
      <symbol id="sm-20b">
         <name>Display_Output</name>
         <value>0xfe9</value>
         <object_component_ref idref="oc-34"/>
      </symbol>
      <symbol id="sm-20c">
         <name>End_Screen</name>
         <value>0xb8d</value>
         <object_component_ref idref="oc-34"/>
      </symbol>
      <symbol id="sm-20d">
         <name>Shift_Enemy_Bullets_Right</name>
         <value>0x6d1</value>
         <object_component_ref idref="oc-34"/>
      </symbol>
      <symbol id="sm-20e">
         <name>Shift_Left</name>
         <value>0x525</value>
         <object_component_ref idref="oc-34"/>
      </symbol>
      <symbol id="sm-20f">
         <name>Detect_Logic</name>
         <value>0x845</value>
         <object_component_ref idref="oc-34"/>
      </symbol>
      <symbol id="sm-210">
         <name>Propogate_Enemy_Bullet</name>
         <value>0x5c9</value>
         <object_component_ref idref="oc-34"/>
      </symbol>
      <symbol id="sm-211">
         <name>Propogate_Bullet</name>
         <value>0x64d</value>
         <object_component_ref idref="oc-34"/>
      </symbol>
      <symbol id="sm-212">
         <name>GPIO_PortE_Handler</name>
         <value>0x305</value>
         <object_component_ref idref="oc-34"/>
      </symbol>
      <symbol id="sm-213">
         <name>Shift_Bullets_Right</name>
         <value>0x711</value>
         <object_component_ref idref="oc-34"/>
      </symbol>
      <symbol id="sm-214">
         <name>ClearEnemy</name>
         <value>0x364f</value>
         <object_component_ref idref="oc-b9"/>
      </symbol>
      <symbol id="sm-215">
         <name>flag</name>
         <value>0x20001a28</value>
         <object_component_ref idref="oc-ab"/>
      </symbol>
      <symbol id="sm-216">
         <name>Initialize_Samples</name>
         <value>0x39f</value>
         <object_component_ref idref="oc-34"/>
      </symbol>
      <symbol id="sm-217">
         <name>Detect_Collision</name>
         <value>0xaa9</value>
         <object_component_ref idref="oc-34"/>
      </symbol>
      <symbol id="sm-218">
         <name>Timer1A_Config</name>
         <value>0x1105</value>
         <object_component_ref idref="oc-34"/>
      </symbol>
      <symbol id="sm-26d">
         <name>Screen</name>
         <value>0x20001210</value>
      </symbol>
      <symbol id="sm-26e">
         <name>Nokia5110_SetCursor</name>
         <value>0x1933</value>
         <object_component_ref idref="oc-93"/>
      </symbol>
      <symbol id="sm-26f">
         <name>Nokia5110_PrintBMP</name>
         <value>0x16dd</value>
         <object_component_ref idref="oc-93"/>
      </symbol>
      <symbol id="sm-270">
         <name>Nokia5110_SetVertAddr</name>
         <value>0x18d9</value>
         <object_component_ref idref="oc-93"/>
      </symbol>
      <symbol id="sm-271">
         <name>Clear_Display</name>
         <value>0x19f9</value>
         <object_component_ref idref="oc-93"/>
      </symbol>
      <symbol id="sm-272">
         <name>LCD_Write</name>
         <value>0x1973</value>
         <object_component_ref idref="oc-93"/>
      </symbol>
      <symbol id="sm-273">
         <name>Nokia5110_OutString</name>
         <value>0x152f</value>
         <object_component_ref idref="oc-93"/>
      </symbol>
      <symbol id="sm-274">
         <name>Nokia5110_SetHorizAddr</name>
         <value>0x18e5</value>
         <object_component_ref idref="oc-93"/>
      </symbol>
      <symbol id="sm-275">
         <name>Nokia5110_PrintBMP_Bullet</name>
         <value>0x1581</value>
         <object_component_ref idref="oc-93"/>
      </symbol>
      <symbol id="sm-276">
         <name>Nokia5110_PrintScreen</name>
         <value>0x154d</value>
         <object_component_ref idref="oc-93"/>
      </symbol>
      <symbol id="sm-277">
         <name>Nokia5110_Config</name>
         <value>0x1a41</value>
         <object_component_ref idref="oc-93"/>
      </symbol>
      <symbol id="sm-278">
         <name>Nokia5110_SetX</name>
         <value>0x18f1</value>
         <object_component_ref idref="oc-93"/>
      </symbol>
      <symbol id="sm-279">
         <name>Nokia5110_SetY</name>
         <value>0x1915</value>
         <object_component_ref idref="oc-93"/>
      </symbol>
      <symbol id="sm-27a">
         <name>InitializeNokia5110</name>
         <value>0x1a89</value>
         <object_component_ref idref="oc-93"/>
      </symbol>
      <symbol id="sm-27b">
         <name>Nokia5110_ClearBMP_Bullet</name>
         <value>0x162d</value>
         <object_component_ref idref="oc-93"/>
      </symbol>
      <symbol id="sm-27c">
         <name>Nokia5110_OutChar</name>
         <value>0x14e9</value>
         <object_component_ref idref="oc-93"/>
      </symbol>
      <symbol id="sm-27d">
         <name>SetState_Reset</name>
         <value>0x19c7</value>
         <object_component_ref idref="oc-93"/>
      </symbol>
      <symbol id="sm-28c">
         <name>PLL_Init</name>
         <value>0x2f41</value>
         <object_component_ref idref="oc-da"/>
      </symbol>
      <symbol id="sm-2a7">
         <name>Config_SPI</name>
         <value>0x2c2d</value>
         <object_component_ref idref="oc-15f"/>
      </symbol>
      <symbol id="sm-2d1">
         <name>UART1_OutChar</name>
         <value>0x24f3</value>
         <object_component_ref idref="oc-e0"/>
      </symbol>
      <symbol id="sm-2d2">
         <name>UART_OutUDec</name>
         <value>0x255b</value>
         <object_component_ref idref="oc-e0"/>
      </symbol>
      <symbol id="sm-2d3">
         <name>UART_OutFloat</name>
         <value>0x258b</value>
         <object_component_ref idref="oc-e0"/>
      </symbol>
      <symbol id="sm-2d4">
         <name>UART1_OutUDec</name>
         <value>0x250f</value>
         <object_component_ref idref="oc-e0"/>
      </symbol>
      <symbol id="sm-2d5">
         <name>UART1_Init</name>
         <value>0x24ad</value>
         <object_component_ref idref="oc-e0"/>
      </symbol>
      <symbol id="sm-2d6">
         <name>UART_Init</name>
         <value>0x2449</value>
         <object_component_ref idref="oc-e0"/>
      </symbol>
      <symbol id="sm-2d7">
         <name>UART_OutChar</name>
         <value>0x253f</value>
         <object_component_ref idref="oc-e0"/>
      </symbol>
      <symbol id="sm-302">
         <name>insertInBeginning</name>
         <value>0x227b</value>
         <object_component_ref idref="oc-8d"/>
      </symbol>
      <symbol id="sm-303">
         <name>appendAtEnd</name>
         <value>0x2387</value>
         <object_component_ref idref="oc-8d"/>
      </symbol>
      <symbol id="sm-304">
         <name>removeNode</name>
         <value>0x22a5</value>
         <object_component_ref idref="oc-8d"/>
      </symbol>
      <symbol id="sm-305">
         <name>CreateList</name>
         <value>0x224b</value>
         <object_component_ref idref="oc-8d"/>
      </symbol>
      <symbol id="sm-306">
         <name>printList</name>
         <value>0x2425</value>
         <object_component_ref idref="oc-8d"/>
      </symbol>
      <symbol id="sm-307">
         <name>insertAtEnd</name>
         <value>0x232f</value>
         <object_component_ref idref="oc-8d"/>
      </symbol>
      <symbol id="sm-308">
         <name>SafeMalloc</name>
         <value>0x2235</value>
         <object_component_ref idref="oc-8d"/>
      </symbol>
      <symbol id="sm-309">
         <name>reverseList</name>
         <value>0x23d9</value>
         <object_component_ref idref="oc-8d"/>
      </symbol>
      <symbol id="sm-325">
         <name>ResetISR</name>
         <value>0x3387</value>
         <object_component_ref idref="oc-2e"/>
      </symbol>
      <symbol id="sm-326">
         <name>g_pfnVectors</name>
         <value>0x0</value>
         <object_component_ref idref="oc-f"/>
      </symbol>
      <symbol id="sm-33e">
         <name>CPUbasepriGet</name>
         <value>0x32fd</value>
         <object_component_ref idref="oc-195"/>
      </symbol>
      <symbol id="sm-33f">
         <name>CPUbasepriSet</name>
         <value>0x32ef</value>
         <object_component_ref idref="oc-195"/>
      </symbol>
      <symbol id="sm-340">
         <name>CPUprimask</name>
         <value>0x32d5</value>
         <object_component_ref idref="oc-195"/>
      </symbol>
      <symbol id="sm-341">
         <name>CPUcpsie</name>
         <value>0x32df</value>
         <object_component_ref idref="oc-195"/>
      </symbol>
      <symbol id="sm-342">
         <name>CPUcpsid</name>
         <value>0x32c9</value>
         <object_component_ref idref="oc-195"/>
      </symbol>
      <symbol id="sm-343">
         <name>CPUwfi</name>
         <value>0x32eb</value>
         <object_component_ref idref="oc-195"/>
      </symbol>
      <symbol id="sm-3cb">
         <name>IntPendClear</name>
         <value>0x219d</value>
         <object_component_ref idref="oc-102"/>
      </symbol>
      <symbol id="sm-3cc">
         <name>IntPriorityGroupingGet</name>
         <value>0x1f17</value>
         <object_component_ref idref="oc-102"/>
      </symbol>
      <symbol id="sm-3cd">
         <name>IntPrioritySet</name>
         <value>0x1f4f</value>
         <object_component_ref idref="oc-102"/>
      </symbol>
      <symbol id="sm-3ce">
         <name>IntIsEnabled</name>
         <value>0x20a7</value>
         <object_component_ref idref="oc-102"/>
      </symbol>
      <symbol id="sm-3cf">
         <name>IntEnable</name>
         <value>0x1fc3</value>
         <object_component_ref idref="oc-102"/>
      </symbol>
      <symbol id="sm-3d0">
         <name>IntTrigger</name>
         <value>0x21ff</value>
         <object_component_ref idref="oc-102"/>
      </symbol>
      <symbol id="sm-3d1">
         <name>IntPriorityMaskSet</name>
         <value>0x21eb</value>
         <object_component_ref idref="oc-102"/>
      </symbol>
      <symbol id="sm-3d2">
         <name>IntPriorityGroupingSet</name>
         <value>0x1efd</value>
         <object_component_ref idref="oc-102"/>
      </symbol>
      <symbol id="sm-3d3">
         <name>IntDisable</name>
         <value>0x2035</value>
         <object_component_ref idref="oc-102"/>
      </symbol>
      <symbol id="sm-3d4">
         <name>IntRegister</name>
         <value>0x1e97</value>
         <object_component_ref idref="oc-102"/>
      </symbol>
      <symbol id="sm-3d5">
         <name>IntPriorityGet</name>
         <value>0x1f9f</value>
         <object_component_ref idref="oc-102"/>
      </symbol>
      <symbol id="sm-3d6">
         <name>IntMasterDisable</name>
         <value>0x1e87</value>
         <object_component_ref idref="oc-102"/>
      </symbol>
      <symbol id="sm-3d7">
         <name>IntUnregister</name>
         <value>0x1ee9</value>
         <object_component_ref idref="oc-102"/>
      </symbol>
      <symbol id="sm-3d8">
         <name>IntPriorityMaskGet</name>
         <value>0x21f7</value>
         <object_component_ref idref="oc-102"/>
      </symbol>
      <symbol id="sm-3d9">
         <name>g_pfnRAMVectors</name>
         <value>0x20000000</value>
         <object_component_ref idref="oc-19b"/>
      </symbol>
      <symbol id="sm-3da">
         <name>IntMasterEnable</name>
         <value>0x1e77</value>
         <object_component_ref idref="oc-102"/>
      </symbol>
      <symbol id="sm-3db">
         <name>IntPendSet</name>
         <value>0x212d</value>
         <object_component_ref idref="oc-102"/>
      </symbol>
      <symbol id="sm-3fc">
         <name>_c_int00</name>
         <value>0x30fd</value>
         <object_component_ref idref="oc-24"/>
      </symbol>
      <symbol id="sm-3fd">
         <name>__stack</name>
         <value>0x20001828</value>
         <object_component_ref idref="oc-2a"/>
      </symbol>
      <symbol id="sm-41b">
         <name>__TI_decompress_lzss</name>
         <value>0x3093</value>
         <object_component_ref idref="oc-12"/>
      </symbol>
      <symbol id="sm-432">
         <name>__TI_decompress_none</name>
         <value>0x336d</value>
         <object_component_ref idref="oc-18"/>
      </symbol>
      <symbol id="sm-449">
         <name>__TI_zero_init</name>
         <value>0x337b</value>
         <object_component_ref idref="oc-1e"/>
      </symbol>
      <symbol id="sm-46a">
         <name>C$$EXIT</name>
         <value>0x3151</value>
         <object_component_ref idref="oc-7e"/>
      </symbol>
      <symbol id="sm-46b">
         <name>abort</name>
         <value>0x3155</value>
         <object_component_ref idref="oc-7e"/>
      </symbol>
      <symbol id="sm-46c">
         <name>exit</name>
         <value>0x315d</value>
         <object_component_ref idref="oc-7e"/>
      </symbol>
      <symbol id="sm-46d">
         <name>__TI_dtors_ptr</name>
         <value>0x20001a3c</value>
         <object_component_ref idref="oc-133"/>
      </symbol>
      <symbol id="sm-46e">
         <name>__TI_cleanup_ptr</name>
         <value>0x20001a38</value>
         <object_component_ref idref="oc-133"/>
      </symbol>
      <symbol id="sm-46f">
         <name>__TI_enable_exit_profile_output</name>
         <value>0x20001a40</value>
         <object_component_ref idref="oc-133"/>
      </symbol>
      <symbol id="sm-486">
         <name>__aeabi_dsub</name>
         <value>0x280d</value>
         <object_component_ref idref="oc-9e"/>
      </symbol>
      <symbol id="sm-487">
         <name>__aeabi_dadd</name>
         <value>0x2817</value>
         <object_component_ref idref="oc-9e"/>
      </symbol>
      <symbol id="sm-49b">
         <name>__aeabi_ddiv</name>
         <value>0x29c3</value>
         <object_component_ref idref="oc-c2"/>
      </symbol>
      <symbol id="sm-4a6">
         <name>__aeabi_dmul</name>
         <value>0x2d2d</value>
         <object_component_ref idref="oc-c7"/>
      </symbol>
      <symbol id="sm-4b0">
         <name>__aeabi_d2iz</name>
         <value>0x323d</value>
         <object_component_ref idref="oc-188"/>
      </symbol>
      <symbol id="sm-4bc">
         <name>__aeabi_d2f</name>
         <value>0x3025</value>
         <object_component_ref idref="oc-a3"/>
      </symbol>
      <symbol id="sm-4c6">
         <name>__aeabi_d2uiz</name>
         <value>0x3285</value>
         <object_component_ref idref="oc-cc"/>
      </symbol>
      <symbol id="sm-4d1">
         <name>__aeabi_f2d</name>
         <value>0x3307</value>
         <object_component_ref idref="oc-99"/>
      </symbol>
      <symbol id="sm-4ec">
         <name>memcpy</name>
         <value>0x2e29</value>
         <object_component_ref idref="oc-4e"/>
      </symbol>
      <symbol id="sm-4ed">
         <name>__aeabi_memcpy</name>
         <value>0x2e29</value>
         <object_component_ref idref="oc-4e"/>
      </symbol>
      <symbol id="sm-4ee">
         <name>__aeabi_memcpy8</name>
         <value>0x2e29</value>
         <object_component_ref idref="oc-4e"/>
      </symbol>
      <symbol id="sm-4ef">
         <name>__aeabi_memcpy4</name>
         <value>0x2e29</value>
         <object_component_ref idref="oc-4e"/>
      </symbol>
      <symbol id="sm-563">
         <name>_sys_memory</name>
         <value>0x20000270</value>
         <object_component_ref idref="oc-2b"/>
      </symbol>
      <symbol id="sm-564">
         <name>free</name>
         <value>0x1b8f</value>
         <object_component_ref idref="oc-14a"/>
      </symbol>
      <symbol id="sm-565">
         <name>realloc</name>
         <value>0x1c51</value>
         <object_component_ref idref="oc-14a"/>
      </symbol>
      <symbol id="sm-566">
         <name>memalign</name>
         <value>0x1d59</value>
         <object_component_ref idref="oc-14a"/>
      </symbol>
      <symbol id="sm-567">
         <name>calloc</name>
         <value>0x1e45</value>
         <object_component_ref idref="oc-14a"/>
      </symbol>
      <symbol id="sm-568">
         <name>malloc</name>
         <value>0x1b25</value>
         <object_component_ref idref="oc-14a"/>
      </symbol>
      <symbol id="sm-569">
         <name>minit</name>
         <value>0x1aa5</value>
         <object_component_ref idref="oc-14a"/>
      </symbol>
      <symbol id="sm-578">
         <name>__aeabi_memset</name>
         <value>0x2ec7</value>
         <object_component_ref idref="oc-5a"/>
      </symbol>
      <symbol id="sm-579">
         <name>memset</name>
         <value>0x2ecd</value>
         <object_component_ref idref="oc-5a"/>
      </symbol>
      <symbol id="sm-57a">
         <name>__aeabi_memset8</name>
         <value>0x2ec7</value>
         <object_component_ref idref="oc-5a"/>
      </symbol>
      <symbol id="sm-57b">
         <name>__aeabi_memset4</name>
         <value>0x2ec7</value>
         <object_component_ref idref="oc-5a"/>
      </symbol>
      <symbol id="sm-57c">
         <name>__aeabi_memclr8</name>
         <value>0x2ec5</value>
         <object_component_ref idref="oc-5a"/>
      </symbol>
      <symbol id="sm-57d">
         <name>__aeabi_memclr4</name>
         <value>0x2ec5</value>
         <object_component_ref idref="oc-5a"/>
      </symbol>
      <symbol id="sm-57e">
         <name>__aeabi_memclr</name>
         <value>0x2ec5</value>
         <object_component_ref idref="oc-5a"/>
      </symbol>
      <symbol id="sm-588">
         <name>__mpu_init</name>
         <value>0x2f3f</value>
         <object_component_ref idref="oc-66"/>
      </symbol>
      <symbol id="sm-592">
         <name>_system_pre_init</name>
         <value>0x3393</value>
         <object_component_ref idref="oc-6c"/>
      </symbol>
      <symbol id="sm-5ac">
         <name>rand</name>
         <value>0x3207</value>
         <object_component_ref idref="oc-bc"/>
      </symbol>
      <symbol id="sm-5ad">
         <name>srand</name>
         <value>0x31f1</value>
         <object_component_ref idref="oc-bc"/>
      </symbol>
      <symbol id="sm-5b5">
         <name>main_func_sp</name>
         <value>0x20001a5c</value>
         <object_component_ref idref="oc-84"/>
      </symbol>
      <symbol id="sm-5ce">
         <name>_nop</name>
         <value>0x3367</value>
         <object_component_ref idref="oc-1d1"/>
      </symbol>
      <symbol id="sm-5cf">
         <name>_lock</name>
         <value>0x20001a50</value>
         <object_component_ref idref="oc-136"/>
      </symbol>
      <symbol id="sm-5d0">
         <name>_unlock</name>
         <value>0x20001a54</value>
         <object_component_ref idref="oc-136"/>
      </symbol>
      <symbol id="sm-5d1">
         <name>_register_lock</name>
         <value>0x335f</value>
         <object_component_ref idref="oc-1d1"/>
      </symbol>
      <symbol id="sm-5d2">
         <name>_register_unlock</name>
         <value>0x3359</value>
         <object_component_ref idref="oc-1d1"/>
      </symbol>
      <symbol id="sm-5e6">
         <name>_args_main</name>
         <value>0x3341</value>
         <object_component_ref idref="oc-78"/>
      </symbol>
      <symbol id="sm-610">
         <name>__TI_auto_init</name>
         <value>0x2fb5</value>
         <object_component_ref idref="oc-72"/>
      </symbol>
      <symbol id="sm-62a">
         <name>copy_in</name>
         <value>0x31a5</value>
         <object_component_ref idref="oc-123"/>
      </symbol>
      <symbol id="sm-634">
         <name>_system_post_cinit</name>
         <value>0x30fb</value>
         <object_component_ref idref="oc-129"/>
      </symbol>
      <symbol id="sm-635">
         <name>__TI_static_base__</name>
         <value>0x0</value>
      </symbol>
      <symbol id="sm-638">
         <name>SHT$$INIT_ARRAY$$Limit</name>
         <value>0x0</value>
      </symbol>
      <symbol id="sm-639">
         <name>SHT$$INIT_ARRAY$$Base</name>
         <value>0x0</value>
      </symbol>
   </symbol_table>
   <title>Link successful</title>
</link_info>
